interactions:
- request:
    body: '{"title":"test_cost_report_vcr","workspace_token":"wrkspc_576fafc861f024a4","groupings":"provider,service","filter":"costs.provider
      = ''aws''","settings":{"include_credits":true,"include_refunds":true},"date_interval":"last_3_months","date_bin":"month","chart_settings":{"x_axis_dimension":["date"],"y_axis_dimension":"cost"}}'
    headers:
      Accept:
      - application/json
      Accept-Encoding:
      - gzip, deflate
      Connection:
      - keep-alive
      Content-Length:
      - '324'
      Content-Type:
      - application/json
      Host:
      - api.vantage.sh
      User-Agent:
      - python-httpx/0.28.1
    method: POST
    uri: https://api.vantage.sh/v2/cost_reports
  response:
    body:
      string: '{"token":"rprt_2a50a2887b9ef03d","title":"test_cost_report_vcr","folder_token":null,"saved_filter_tokens":[],"business_metric_tokens_with_metadata":[],"filter":"costs.provider
        = ''aws''","groupings":"provider,service","settings":{"include_credits":true,"include_refunds":true,"include_discounts":true,"include_tax":true,"amortize":true,"unallocated":false,"aggregate_by":"cost","show_previous_period":true},"created_at":"2026-02-08T18:33:03Z","workspace_token":"wrkspc_576fafc861f024a4","previous_period_start_date":null,"previous_period_end_date":null,"start_date":"2025-11-01","end_date":"2026-02-06","date_interval":"last_3_months","chart_type":"line","date_bin":"month","chart_settings":{"y_axis_dimension":"cost","x_axis_dimension":["date"]}}'
    headers:
      Access-Control-Allow-Origin:
      - '*'
      Access-Control-Request-Method:
      - '*'
      Cache-Control:
      - max-age=0, private, must-revalidate
      Connection:
      - keep-alive
      Content-Security-Policy:
      - 'default-src ''self'' https:; font-src ''self'' https: data: https://fonts.gstatic.com;
        img-src ''self'' https: data:; object-src ''none''; script-src ''self'' https:
        ''unsafe-inline''; style-src ''self'' https: https://fonts.googleapis.com
        ''unsafe-inline''; connect-src ''self'' https: https://browser-intake-datadoghq.com;
        report-uri https://browser-intake-datadoghq.com/api/v2/logs?dd-api-key=pub6a4daf9be897fccfebb14341baa5d70c&dd-evp-origin=content-security-policy&ddsource=csp-report'
      Content-Type:
      - application/json
      ETag:
      - W/"2c3fccae8e7a1c0230ca1e836f5615a1"
      Set-Cookie:
      - _stratus_session=aZ0fzpVx0sqZLDBg3Q5BiUt%2BweCh2GmvkFFtC1DzjsgsGiOtbLaz4ThnRMoUAkRHMk2dKb6GNcMrzSjYXBij3MHhHsqaeAOxNlBl8%2FSL6KUW2PWDlNXJM8iPLcpXOuJrhKOA%2BnKz1Ym%2BVWYtzLwKzAyQNih37eXcUVFczvMfyKJB5v4MAOiT%2BW0UElwAXFSRB5dvOcv7zUA%3D--8GOD8nxwBVK8XHYY--l2IKpbRcRyVJlYzUZQhfJQ%3D%3D;
        path=/; secure; HttpOnly; SameSite=Lax
      Strict-Transport-Security:
      - max-age=63072000; includeSubDomains
      Vary:
      - Accept-Encoding
      X-Rate-Limit-Limit:
      - '1000'
      X-Rate-Limit-Remaining:
      - '251'
      X-Rate-Limit-Reset:
      - '1770576040'
      X-Runtime:
      - '0.233468'
      content-length:
      - '745'
    status:
      code: 201
      message: Created
- request:
    body: ''
    headers:
      Accept:
      - application/json
      Accept-Encoding:
      - gzip, deflate
      Connection:
      - keep-alive
      Content-Type:
      - application/json
      Cookie:
      - _stratus_session=aZ0fzpVx0sqZLDBg3Q5BiUt%2BweCh2GmvkFFtC1DzjsgsGiOtbLaz4ThnRMoUAkRHMk2dKb6GNcMrzSjYXBij3MHhHsqaeAOxNlBl8%2FSL6KUW2PWDlNXJM8iPLcpXOuJrhKOA%2BnKz1Ym%2BVWYtzLwKzAyQNih37eXcUVFczvMfyKJB5v4MAOiT%2BW0UElwAXFSRB5dvOcv7zUA%3D--8GOD8nxwBVK8XHYY--l2IKpbRcRyVJlYzUZQhfJQ%3D%3D
      Host:
      - api.vantage.sh
      User-Agent:
      - python-httpx/0.28.1
    method: GET
    uri: https://api.vantage.sh/v2/unit_costs?cost_report_token=rprt_2a50a2887b9ef03d&page=1
  response:
    body:
      string: '{"links":{"self":"https://api.vantage.sh/v2/unit_costs?cost_report_token=rprt_2a50a2887b9ef03d\u0026page=1","first":"https://api.vantage.sh/v2/unit_costs?cost_report_token=rprt_2a50a2887b9ef03d\u0026page=1","next":null,"last":null,"prev":null},"unit_costs":[]}'
    headers:
      Access-Control-Allow-Origin:
      - '*'
      Access-Control-Request-Method:
      - '*'
      Cache-Control:
      - max-age=0, private, must-revalidate
      Connection:
      - keep-alive
      Content-Security-Policy:
      - 'default-src ''self'' https:; font-src ''self'' https: data: https://fonts.gstatic.com;
        img-src ''self'' https: data:; object-src ''none''; script-src ''self'' https:
        ''unsafe-inline''; style-src ''self'' https: https://fonts.googleapis.com
        ''unsafe-inline''; connect-src ''self'' https: https://browser-intake-datadoghq.com;
        report-uri https://browser-intake-datadoghq.com/api/v2/logs?dd-api-key=pub6a4daf9be897fccfebb14341baa5d70c&dd-evp-origin=content-security-policy&ddsource=csp-report'
      Content-Type:
      - application/json
      ETag:
      - W/"822d964e68d38020380987a4808f3722"
      Set-Cookie:
      - _stratus_session=t2TE%2B8b8a6uKrDHsIt%2BBVe4nxtcu%2BY2ZT5z0PULx4%2B%2FPeTPosA43QtXfPbYLK%2BTDZWInbxXQpnaRd5sKjAqTZhWdDvd0GOqOUqWT%2B36I9zfEttbIX2xu4KP8FMpQN9V5JHmlfQVvmrETlLnDTVEPhv7JdLfXjCCX%2BWKRUpOBg%2FWZ%2FF%2B%2B7yMBJH09mvSMl82mhw%2F6sLwn%2Fkg%3D--wWRt4bokO80dtXoa--nuhbCdFLm0c1APUdpokrCA%3D%3D;
        path=/; secure; HttpOnly; SameSite=Lax
      Strict-Transport-Security:
      - max-age=63072000; includeSubDomains
      Vary:
      - Accept-Encoding
      X-Rate-Limit-Limit:
      - '5'
      X-Rate-Limit-Remaining:
      - '5'
      X-Rate-Limit-Reset:
      - '1770575588'
      X-Runtime:
      - '0.165881'
      content-length:
      - '260'
    status:
      code: 200
      message: OK
- request:
    body: ''
    headers:
      Accept:
      - application/json
      Accept-Encoding:
      - gzip, deflate
      Connection:
      - keep-alive
      Content-Type:
      - application/json
      Cookie:
      - _stratus_session=t2TE%2B8b8a6uKrDHsIt%2BBVe4nxtcu%2BY2ZT5z0PULx4%2B%2FPeTPosA43QtXfPbYLK%2BTDZWInbxXQpnaRd5sKjAqTZhWdDvd0GOqOUqWT%2B36I9zfEttbIX2xu4KP8FMpQN9V5JHmlfQVvmrETlLnDTVEPhv7JdLfXjCCX%2BWKRUpOBg%2FWZ%2FF%2B%2B7yMBJH09mvSMl82mhw%2F6sLwn%2Fkg%3D--wWRt4bokO80dtXoa--nuhbCdFLm0c1APUdpokrCA%3D%3D
      Host:
      - api.vantage.sh
      User-Agent:
      - python-httpx/0.28.1
    method: DELETE
    uri: https://api.vantage.sh/v2/cost_reports/rprt_2a50a2887b9ef03d
  response:
    body:
      string: ''
    headers:
      Access-Control-Allow-Origin:
      - '*'
      Access-Control-Request-Method:
      - '*'
      Cache-Control:
      - no-cache
      Connection:
      - keep-alive
      Content-Security-Policy:
      - 'default-src ''self'' https:; font-src ''self'' https: data: https://fonts.gstatic.com;
        img-src ''self'' https: data:; object-src ''none''; script-src ''self'' https:
        ''unsafe-inline''; style-src ''self'' https: https://fonts.googleapis.com
        ''unsafe-inline''; connect-src ''self'' https: https://browser-intake-datadoghq.com;
        report-uri https://browser-intake-datadoghq.com/api/v2/logs?dd-api-key=pub6a4daf9be897fccfebb14341baa5d70c&dd-evp-origin=content-security-policy&ddsource=csp-report'
      Set-Cookie:
      - _stratus_session=MvTp9Dh6b%2F6REMqjjWvBHF06o4zGNqxdHca%2FBURTN092ZNigVhFyyrGrEyfV92b5zVOwACcqIl%2Buk4j0wvn%2BfxsLm48w7%2B6P0Rt%2B3GVokj5kJGg9W84iTydX6q3iQrKPOQ%2Fa4mSPZETDC7sTF5TMGFt52aJ68zbFRTe1hpqcDq4VhrS1qAhL7W1BDAu%2FXXTy4sv7gBG%2B0%2BA%3D--xwcRsQuVZ%2BkxX31m--5YGKpdCCY0ejhc5UkJo9Vg%3D%3D;
        path=/; secure; HttpOnly; SameSite=Lax
      Strict-Transport-Security:
      - max-age=63072000; includeSubDomains
      X-Rate-Limit-Limit:
      - '1000'
      X-Rate-Limit-Remaining:
      - '250'
      X-Rate-Limit-Reset:
      - '1770576040'
      X-Runtime:
      - '0.054162'
    status:
      code: 204
      message: No Content
- request:
    body: ''
    headers:
      Accept:
      - application/json
      Accept-Encoding:
      - gzip, deflate
      Connection:
      - keep-alive
      Content-Type:
      - application/json
      Cookie:
      - _stratus_session=MvTp9Dh6b%2F6REMqjjWvBHF06o4zGNqxdHca%2FBURTN092ZNigVhFyyrGrEyfV92b5zVOwACcqIl%2Buk4j0wvn%2BfxsLm48w7%2B6P0Rt%2B3GVokj5kJGg9W84iTydX6q3iQrKPOQ%2Fa4mSPZETDC7sTF5TMGFt52aJ68zbFRTe1hpqcDq4VhrS1qAhL7W1BDAu%2FXXTy4sv7gBG%2B0%2BA%3D--xwcRsQuVZ%2BkxX31m--5YGKpdCCY0ejhc5UkJo9Vg%3D%3D
      Host:
      - api.vantage.sh
      User-Agent:
      - python-httpx/0.28.1
    method: GET
    uri: https://api.vantage.sh/v2/cost_reports/rprt_2a50a2887b9ef03d
  response:
    body:
      string: '{"errors":["CostReport rprt_2a50a2887b9ef03d not found."]}'
    headers:
      Access-Control-Allow-Origin:
      - '*'
      Access-Control-Request-Method:
      - '*'
      Cache-Control:
      - no-cache
      Connection:
      - keep-alive
      Content-Security-Policy:
      - 'default-src ''self'' https:; font-src ''self'' https: data: https://fonts.gstatic.com;
        img-src ''self'' https: data:; object-src ''none''; script-src ''self'' https:
        ''unsafe-inline''; style-src ''self'' https: https://fonts.googleapis.com
        ''unsafe-inline''; connect-src ''self'' https: https://browser-intake-datadoghq.com;
        report-uri https://browser-intake-datadoghq.com/api/v2/logs?dd-api-key=pub6a4daf9be897fccfebb14341baa5d70c&dd-evp-origin=content-security-policy&ddsource=csp-report'
      Content-Type:
      - application/json
      Set-Cookie:
      - _stratus_session=xnhx9eDrUgWxAq7iZvlVvHVYIlVTg3J25hXm4DSY0MV4lN%2FA7lKl%2BH%2BTfz7EedlNCIYGc6GQUiV13Gm8GjTWRZAPJ0OhePWoXbIRqwoTFlz3qO756Gz%2BgFE91XXVLrMyMpaC9sZB%2FPzwAvLFMA2gGCWZZFnpZHJaizjISHdxLcYxh9UJylI9iwuqvVthPNY1du2ilKVYLGc%3D--DsLrbtxTjBDVHSej--B8CdscezEeyNlCXZo6yBwA%3D%3D;
        path=/; secure; HttpOnly; SameSite=Lax
      Strict-Transport-Security:
      - max-age=63072000; includeSubDomains
      Transfer-Encoding:
      - chunked
      Vary:
      - Accept-Encoding
      X-Rate-Limit-Limit:
      - '10000'
      X-Rate-Limit-Remaining:
      - '10000'
      X-Rate-Limit-Reset:
      - '1770579184'
      X-Runtime:
      - '0.026852'
      content-length:
      - '58'
    status:
      code: 404
      message: Not Found
version: 1
